../Core/Src/Global_HALL.c:13:15:Read_Button1	8	static
../Core/Src/Global_HALL.c:14:15:Read_Button2	8	static
../Core/Src/Global_HALL.c:15:15:Read_Button3	8	static
../Core/Src/Global_HALL.c:17:15:Read_LED_HeartBeat	8	static
../Core/Src/Global_HALL.c:18:15:Read_LED_Indication1	8	static
../Core/Src/Global_HALL.c:19:15:Read_LED_Indication2	8	static
../Core/Src/Global_HALL.c:20:15:Read_LED_Indication3	8	static
../Core/Src/Global_HALL.c:21:15:Read_LED_Indication4	8	static
../Core/Src/Global_HALL.c:22:15:Read_LED_Indication5	8	static
../Core/Src/Global_HALL.c:23:15:Read_LED_Metal	8	static
../Core/Src/Global_HALL.c:24:15:Read_LED_Turbidity	8	static
../Core/Src/Global_HALL.c:33:6:Set_LED_HeartBeat	16	static
../Core/Src/Global_HALL.c:34:6:Set_LED_Indication1	16	static
../Core/Src/Global_HALL.c:35:6:Set_LED_Indication2	16	static
../Core/Src/Global_HALL.c:36:6:Set_LED_Indication3	16	static
../Core/Src/Global_HALL.c:37:6:Set_LED_Indication4	16	static
../Core/Src/Global_HALL.c:38:6:Set_LED_Indication5	16	static
../Core/Src/Global_HALL.c:39:6:Set_LED_Metal	16	static
../Core/Src/Global_HALL.c:40:6:Set_LED_Turbidity	16	static
../Core/Src/Global_HALL.c:41:6:Set_Flash_CS	16	static
../Core/Src/Global_HALL.c:42:6:Set_Flash_WP	16	static
../Core/Src/Global_HALL.c:45:6:Toggle_LED_HeartBeat	8	static
../Core/Src/Global_HALL.c:46:6:Toggle_LED_Indication1	8	static
../Core/Src/Global_HALL.c:47:6:Toggle_LED_Indication2	8	static
../Core/Src/Global_HALL.c:48:6:Toggle_LED_Indication3	8	static
../Core/Src/Global_HALL.c:49:6:Toggle_LED_Indication4	8	static
../Core/Src/Global_HALL.c:50:6:Toggle_LED_Indication5	8	static
../Core/Src/Global_HALL.c:51:6:Toggle_LED_Metal	8	static
../Core/Src/Global_HALL.c:52:6:Toggle_LED_Turbidity	8	static
../Core/Src/Global_HALL.c:85:6:DebugPrint	16	static
