../Core/Src/main.c:126:5:main	40	static
../Core/Src/main.c:388:6:SystemClock_Config	120	static
../Core/Src/main.c:437:13:MX_ADC1_Init	48	static
../Core/Src/main.c:503:13:MX_CAN_Init	8	static
../Core/Src/main.c:540:13:MX_I2C1_Init	8	static
../Core/Src/main.c:588:13:MX_SPI2_Init	8	static
../Core/Src/main.c:628:13:MX_TIM6_Init	24	static
../Core/Src/main.c:666:13:MX_TIM16_Init	8	static
../Core/Src/main.c:698:13:MX_TIM17_Init	8	static
../Core/Src/main.c:730:13:MX_USART2_UART_Init	8	static
../Core/Src/main.c:765:13:MX_GPIO_Init	40	static
../Core/Src/main.c:856:6:Error_Handler	4	static,ignoring_inline_asm
