../Core/Src/main.c:127:5:main	32	static
../Core/Src/main.c:364:6:SystemClock_Config	120	static
../Core/Src/main.c:413:13:MX_ADC1_Init	48	static
../Core/Src/main.c:479:13:MX_CAN_Init	8	static
../Core/Src/main.c:516:13:MX_I2C1_Init	8	static
../Core/Src/main.c:564:13:MX_SPI2_Init	8	static
../Core/Src/main.c:604:13:MX_TIM6_Init	24	static
../Core/Src/main.c:642:13:MX_TIM16_Init	8	static
../Core/Src/main.c:674:13:MX_TIM17_Init	8	static
../Core/Src/main.c:706:13:MX_USART2_UART_Init	8	static
../Core/Src/main.c:741:13:MX_GPIO_Init	40	static
../Core/Src/main.c:832:6:Error_Handler	4	static,ignoring_inline_asm
